[INFO] Scanning for projects...
[INFO] 
[INFO] ---------------------< com.LifeAdmin.ai:lifeadmin >---------------------
[INFO] Building  0.0.1-SNAPSHOT
[INFO]   from pom.xml
[INFO] --------------------------------[ jar ]---------------------------------
[INFO] 
[INFO] --- clean:3.5.0:clean (default-clean) @ lifeadmin ---
[INFO] Deleting C:\Users\pkkallur\source\lifeadmin\target
[INFO] 
[INFO] --- resources:3.5.0:resources (default-resources) @ lifeadmin ---
[INFO] Copying 4 resources from src\main\resources to target\classes
[INFO] Copying 1 resource from src\main\resources to target\classes
[INFO] 
[INFO] --- compiler:3.15.0:compile (default-compile) @ lifeadmin ---
[INFO] Recompiling the module because of changed source code.
[INFO] Compiling 121 source files with javac [debug parameters release 21] to target\classes
.\mvnw.cmd : WARNING: A terminally deprecated method in sun.misc.Unsafe has been called
At line:2 char:40
+ ... sers\pkkallur\source\lifeadmin; .\mvnw.cmd clean compile 2>&1 | Tee-O ...
+                                     ~~~~~~~~~~~~~~~~~~~~~~~~~~~~~
    + CategoryInfo          : NotSpecified: (WARNING: A term...has been called:String) [], RemoteException
    + FullyQualifiedErrorId : NativeCommandError
 
WARNING: sun.misc.Unsafe::objectFieldOffset has been called by lombok.permit.Permit
WARNING: Please consider reporting this to the maintainers of class lombok.permit.Permit
WARNING: sun.misc.Unsafe::objectFieldOffset will be removed in a future release
[INFO] -------------------------------------------------------------
[ERROR] COMPILATION ERROR : 
[INFO] -------------------------------------------------------------
[ERROR] /C:/Users/pkkallur/source/lifeadmin/src/main/java/com/LifeAdmin/ai/lifeadmin/action/application/ActionService.java:[27,19] cannot find symbol
  symbol:   class CurrentUserProvider
  location: class com.LifeAdmin.ai.lifeadmin.action.application.ActionService
[ERROR] /C:/Users/pkkallur/source/lifeadmin/src/main/java/com/LifeAdmin/ai/lifeadmin/action/application/ActionService.java:[31,25] cannot find symbol
  symbol:   class CurrentUserProvider
  location: class com.LifeAdmin.ai.lifeadmin.action.application.ActionService
[INFO] 2 errors 
[INFO] -------------------------------------------------------------
[INFO] ------------------------------------------------------------------------
[INFO] BUILD FAILURE
[INFO] ------------------------------------------------------------------------
[INFO] Total time:  14.334 s
[INFO] Finished at: 2026-08-01T14:10:19+05:30
[INFO] ------------------------------------------------------------------------
[ERROR] Failed to execute goal org.apache.maven.plugins:maven-compiler-plugin:3.15.0:compile (default-compile) on project lifeadmin: Compilation failure: Compilation failure: 
[ERROR] /C:/Users/pkkallur/source/lifeadmin/src/main/java/com/LifeAdmin/ai/lifeadmin/action/application/ActionService.java:[27,19] cannot find symbol
[ERROR]   symbol:   class CurrentUserProvider
[ERROR]   location: class com.LifeAdmin.ai.lifeadmin.action.application.ActionService
[ERROR] /C:/Users/pkkallur/source/lifeadmin/src/main/java/com/LifeAdmin/ai/lifeadmin/action/application/ActionService.java:[31,25] cannot find symbol
[ERROR]   symbol:   class CurrentUserProvider
[ERROR]   location: class com.LifeAdmin.ai.lifeadmin.action.application.ActionService
[ERROR] -> [Help 1]
[ERROR] 
[ERROR] To see the full stack trace of the errors, re-run Maven with the -e switch.
[ERROR] Re-run Maven using the -X switch to enable full debug logging.
[ERROR] 
[ERROR] For more information about the errors and possible solutions, please read the following articles:
[ERROR] [Help 1] http://cwiki.apache.org/confluence/display/MAVEN/MojoFailureException
